[rig-harness] phase=R2-T2a matrix=4×5×4
  ok   anon × accounts × select → DENY (0 rows) expected=DENY
  ok   anon × accounts × insert → DENY (error: 42501) expected=DENY
  ok   anon × accounts × update → DENY (0 affected) expected=DENY
  ok   anon × accounts × delete → DENY (0 affected) expected=DENY
  ok   anon × businesses × select → DENY (0 rows) expected=DENY
  ok   anon × businesses × insert → DENY (error: 42501) expected=DENY
  ok   anon × businesses × update → DENY (0 affected) expected=DENY
  ok   anon × businesses × delete → DENY (0 affected) expected=DENY
  ok   anon × user_businesses × select → DENY (0 rows) expected=DENY
  ok   anon × user_businesses × insert → DENY (error: 42501) expected=DENY
  ok   anon × user_businesses × update → DENY (0 affected) expected=DENY
  ok   anon × user_businesses × delete → DENY (0 affected) expected=DENY
  ok   anon × fact_data × select → DENY (0 rows) expected=DENY
  ok   anon × fact_data × insert → DENY (error: 42501) expected=DENY
  ok   anon × fact_data × update → DENY (0 affected) expected=DENY
  ok   anon × fact_data × delete → DENY (0 affected) expected=DENY
  ok   anon × ref_data × select → DENY (0 rows) expected=DENY
  ok   anon × ref_data × insert → DENY (error: 42501) expected=DENY
  ok   anon × ref_data × update → DENY (0 affected) expected=DENY
  ok   anon × ref_data × delete → DENY (0 affected) expected=DENY
  ok   ownerTwo × accounts × select → DENY (0 rows) expected=DENY
  ok   ownerTwo × accounts × insert → DENY (error: 42501) expected=DENY
  ok   ownerTwo × accounts × update → DENY (0 affected) expected=DENY
  ok   ownerTwo × accounts × delete → DENY (0 affected) expected=DENY
  ok   ownerTwo × businesses × select → DENY (0 rows) expected=DENY
  ok   ownerTwo × businesses × insert → DENY (error: 42501) expected=DENY
  ok   ownerTwo × businesses × update → DENY (0 affected) expected=DENY
  ok   ownerTwo × businesses × delete → DENY (0 affected) expected=DENY
  ok   ownerTwo × user_businesses × select → DENY (0 rows) expected=DENY
  ok   ownerTwo × user_businesses × insert → DENY (error: 42501) expected=DENY
  ok   ownerTwo × user_businesses × update → DENY (0 affected) expected=DENY
  ok   ownerTwo × user_businesses × delete → DENY (0 affected) expected=DENY
  ok   ownerTwo × fact_data × select → ALLOW (5 rows VISIBLE) expected=ALLOW
  MISMATCH ownerTwo × fact_data × insert → DENY (error: 42501) expected=ALLOW
  ok   ownerTwo × fact_data × update → DENY (0 affected) expected=DENY
  ok   ownerTwo × fact_data × delete → DENY (0 affected) expected=DENY
  ok   ownerTwo × ref_data × select → DENY (0 rows) expected=DENY
  ok   ownerTwo × ref_data × insert → DENY (error: 42501) expected=DENY
  ok   ownerTwo × ref_data × update → DENY (0 affected) expected=DENY
  ok   ownerTwo × ref_data × delete → DENY (0 affected) expected=DENY
  ok   adminOne × accounts × select → DENY (0 rows) expected=DENY
  ok   adminOne × accounts × insert → DENY (error: 42501) expected=DENY
  ok   adminOne × accounts × update → DENY (0 affected) expected=DENY
  ok   adminOne × accounts × delete → DENY (0 affected) expected=DENY
  ok   adminOne × businesses × select → DENY (0 rows) expected=DENY
  ok   adminOne × businesses × insert → DENY (error: 42501) expected=DENY
  ok   adminOne × businesses × update → DENY (0 affected) expected=DENY
  ok   adminOne × businesses × delete → DENY (0 affected) expected=DENY
  ok   adminOne × user_businesses × select → DENY (0 rows) expected=DENY
  ok   adminOne × user_businesses × insert → DENY (error: 42501) expected=DENY
  ok   adminOne × user_businesses × update → DENY (0 affected) expected=DENY
  ok   adminOne × user_businesses × delete → DENY (0 affected) expected=DENY
  ok   adminOne × fact_data × select → ALLOW (5 rows VISIBLE) expected=ALLOW
  ok   adminOne × fact_data × insert → DENY (error: 42501) expected=DENY
  ok   adminOne × fact_data × update → DENY (0 affected) expected=DENY
  ok   adminOne × fact_data × delete → DENY (0 affected) expected=DENY
  ok   adminOne × ref_data × select → DENY (0 rows) expected=DENY
  ok   adminOne × ref_data × insert → DENY (error: 42501) expected=DENY
  ok   adminOne × ref_data × update → DENY (0 affected) expected=DENY
  ok   adminOne × ref_data × delete → DENY (0 affected) expected=DENY
  ok   memberOne × accounts × select → DENY (0 rows) expected=DENY
  ok   memberOne × accounts × insert → DENY (error: 42501) expected=DENY
  ok   memberOne × accounts × update → DENY (0 affected) expected=DENY
  ok   memberOne × accounts × delete → DENY (0 affected) expected=DENY
  ok   memberOne × businesses × select → DENY (0 rows) expected=DENY
  ok   memberOne × businesses × insert → DENY (error: 42501) expected=DENY
  ok   memberOne × businesses × update → DENY (0 affected) expected=DENY
  ok   memberOne × businesses × delete → DENY (0 affected) expected=DENY
  ok   memberOne × user_businesses × select → DENY (0 rows) expected=DENY
  ok   memberOne × user_businesses × insert → DENY (error: 42501) expected=DENY
  ok   memberOne × user_businesses × update → DENY (0 affected) expected=DENY
  ok   memberOne × user_businesses × delete → DENY (0 affected) expected=DENY
  ok   memberOne × fact_data × select → ALLOW (5 rows VISIBLE) expected=ALLOW
  ok   memberOne × fact_data × insert → DENY (error: 42501) expected=DENY
  ok   memberOne × fact_data × update → DENY (0 affected) expected=DENY
  ok   memberOne × fact_data × delete → DENY (0 affected) expected=DENY
  ok   memberOne × ref_data × select → DENY (0 rows) expected=DENY
  ok   memberOne × ref_data × insert → DENY (error: 42501) expected=DENY
  ok   memberOne × ref_data × update → DENY (0 affected) expected=DENY
  ok   memberOne × ref_data × delete → DENY (0 affected) expected=DENY
[rig-harness] 80 cells · 1 mismatches → MATRIX RED
